kotlin version: 2.1.20
error message: org.jetbrains.kotlin.backend.common.BackendException: Backend Internal error: Exception during IR lowering
File being compiled: C:/Users/LENOVO/Desktop/My Projects/AI_personal_cfo/feature/transactions/src/main/kotlin/com/aicfo/feature/transactions/TransactionsScreen.kt
The root cause java.lang.RuntimeException was thrown at: org.jetbrains.kotlin.backend.jvm.codegen.FunctionCodegen.generate(FunctionCodegen.kt:48)
	at org.jetbrains.kotlin.backend.common.CodegenUtil.reportBackendException(CodegenUtil.kt:107)
	at org.jetbrains.kotlin.backend.common.CodegenUtil.reportBackendException$default(CodegenUtil.kt:90)
	at org.jetbrains.kotlin.backend.common.phaser.PerformByIrFilePhase.invokeSequential(performByIrFile.kt:54)
	at org.jetbrains.kotlin.backend.common.phaser.PerformByIrFilePhase.invoke(performByIrFile.kt:41)
	at org.jetbrains.kotlin.backend.common.phaser.PerformByIrFilePhase.invoke(performByIrFile.kt:27)
	at org.jetbrains.kotlin.config.phaser.CompilerPhaseKt.invokeToplevel(CompilerPhase.kt:62)
	at org.jetbrains.kotlin.backend.jvm.JvmIrCodegenFactory.invokeCodegen(JvmIrCodegenFactory.kt:371)
	at org.jetbrains.kotlin.cli.jvm.compiler.KotlinToJVMBytecodeCompiler.runCodegen$cli(KotlinToJVMBytecodeCompiler.kt:413)
	at org.jetbrains.kotlin.cli.pipeline.jvm.JvmBackendPipelinePhase.executePhase(JvmBackendPipelinePhase.kt:98)
	at org.jetbrains.kotlin.cli.pipeline.jvm.JvmBackendPipelinePhase.executePhase(JvmBackendPipelinePhase.kt:30)
	at org.jetbrains.kotlin.cli.pipeline.PipelinePhase.phaseBody(PipelinePhase.kt:68)
	at org.jetbrains.kotlin.cli.pipeline.PipelinePhase.phaseBody(PipelinePhase.kt:58)
	at org.jetbrains.kotlin.config.phaser.SimpleNamedCompilerPhase.phaseBody(CompilerPhase.kt:215)
	at org.jetbrains.kotlin.config.phaser.NamedCompilerPhase.invoke(CompilerPhase.kt:111)
	at org.jetbrains.kotlin.backend.common.phaser.CompositePhase.invoke(PhaseBuilders.kt:28)
	at org.jetbrains.kotlin.config.phaser.CompilerPhaseKt.invokeToplevel(CompilerPhase.kt:62)
	at org.jetbrains.kotlin.cli.pipeline.AbstractCliPipeline.runPhasedPipeline(AbstractCliPipeline.kt:106)
	at org.jetbrains.kotlin.cli.pipeline.AbstractCliPipeline.execute(AbstractCliPipeline.kt:65)
	at org.jetbrains.kotlin.cli.jvm.K2JVMCompiler.doExecutePhased(K2JVMCompiler.kt:61)
	at org.jetbrains.kotlin.cli.jvm.K2JVMCompiler.doExecutePhased(K2JVMCompiler.kt:36)
	at org.jetbrains.kotlin.cli.common.CLICompiler.execImpl(CLICompiler.kt:80)
	at org.jetbrains.kotlin.cli.common.CLICompiler.exec(CLICompiler.kt:337)
	at org.jetbrains.kotlin.incremental.IncrementalJvmCompilerRunner.runCompiler(IncrementalJvmCompilerRunner.kt:466)
	at org.jetbrains.kotlin.incremental.IncrementalJvmCompilerRunner.runCompiler(IncrementalJvmCompilerRunner.kt:75)
	at org.jetbrains.kotlin.incremental.IncrementalCompilerRunner.doCompile(IncrementalCompilerRunner.kt:514)
	at org.jetbrains.kotlin.incremental.IncrementalCompilerRunner.compileImpl(IncrementalCompilerRunner.kt:431)
	at org.jetbrains.kotlin.incremental.IncrementalCompilerRunner.tryCompileIncrementally$lambda$10$compile(IncrementalCompilerRunner.kt:258)
	at org.jetbrains.kotlin.incremental.IncrementalCompilerRunner.tryCompileIncrementally(IncrementalCompilerRunner.kt:276)
	at org.jetbrains.kotlin.incremental.IncrementalCompilerRunner.compile(IncrementalCompilerRunner.kt:128)
	at org.jetbrains.kotlin.daemon.CompileServiceImplBase.execIncrementalCompiler(CompileServiceImpl.kt:678)
	at org.jetbrains.kotlin.daemon.CompileServiceImplBase.access$execIncrementalCompiler(CompileServiceImpl.kt:92)
	at org.jetbrains.kotlin.daemon.CompileServiceImpl.compile(CompileServiceImpl.kt:1805)
	at java.base/jdk.internal.reflect.DirectMethodHandleAccessor.invoke(DirectMethodHandleAccessor.java:103)
	at java.base/java.lang.reflect.Method.invoke(Method.java:580)
	at java.rmi/sun.rmi.server.UnicastServerRef.dispatch(UnicastServerRef.java:360)
	at java.rmi/sun.rmi.transport.Transport$1.run(Transport.java:200)
	at java.rmi/sun.rmi.transport.Transport$1.run(Transport.java:197)
	at java.base/java.security.AccessController.doPrivileged(AccessController.java:714)
	at java.rmi/sun.rmi.transport.Transport.serviceCall(Transport.java:196)
	at java.rmi/sun.rmi.transport.tcp.TCPTransport.handleMessages(TCPTransport.java:598)
	at java.rmi/sun.rmi.transport.tcp.TCPTransport$ConnectionHandler.run0(TCPTransport.java:844)
	at java.rmi/sun.rmi.transport.tcp.TCPTransport$ConnectionHandler.lambda$run$0(TCPTransport.java:721)
	at java.base/java.security.AccessController.doPrivileged(AccessController.java:400)
	at java.rmi/sun.rmi.transport.tcp.TCPTransport$ConnectionHandler.run(TCPTransport.java:720)
	at java.base/java.util.concurrent.ThreadPoolExecutor.runWorker(ThreadPoolExecutor.java:1144)
	at java.base/java.util.concurrent.ThreadPoolExecutor$Worker.run(ThreadPoolExecutor.java:642)
	at java.base/java.lang.Thread.run(Thread.java:1583)
Caused by: java.lang.RuntimeException: Exception while generating code for:
FUN CLASS_STATIC_INITIALIZER name:<clinit> visibility:public/*package*/ modality:FINAL <> () returnType:kotlin.Unit
  BLOCK_BODY
    SET_FIELD 'FIELD FIELD_FOR_OBJECT_INSTANCE name:INSTANCE type:com.aicfo.feature.transactions.ComposableSingletons$TransactionsScreenKt visibility:public [final,static] declared in com.aicfo.feature.transactions.ComposableSingletons$TransactionsScreenKt' type=kotlin.Unit origin=INITIALIZE_FIELD
      value: CONSTRUCTOR_CALL 'public constructor <init> () [primary] declared in com.aicfo.feature.transactions.ComposableSingletons$TransactionsScreenKt' type=com.aicfo.feature.transactions.ComposableSingletons$TransactionsScreenKt origin=null
    SET_FIELD 'FIELD name:lambda$1291895275 type:@[ExtensionFunctionType] kotlin.Function4<androidx.compose.animation.AnimatedContentScope, androidx.navigation.NavBackStackEntry, androidx.compose.runtime.Composer, kotlin.Int, kotlin.Unit> visibility:private [static] declared in com.aicfo.feature.transactions.ComposableSingletons$TransactionsScreenKt' type=kotlin.Unit origin=INITIALIZE_FIELD
      value: CALL 'public final fun composableLambdaInstance (key: kotlin.Int, tracked: kotlin.Boolean, block: kotlin.Any): androidx.compose.runtime.internal.ComposableLambda declared in androidx.compose.runtime.internal.ComposableLambdaKt' type=androidx.compose.runtime.internal.ComposableLambda origin=null
        key: CONST Int type=kotlin.Int value=1291895275
        tracked: CONST Boolean type=kotlin.Boolean value=false
        block: BLOCK type=com.aicfo.feature.transactions.ComposableSingletons$TransactionsScreenKt.<clinit>.<no name provided> origin=null
          CLASS LAMBDA_IMPL CLASS name:<no name provided> modality:FINAL visibility:public/*package*/ superTypes:[kotlin.Any; kotlin.Function4<androidx.compose.animation.AnimatedContentScope, androidx.navigation.NavBackStackEntry, androidx.compose.runtime.Composer, kotlin.Int, kotlin.Unit>]
            $this: VALUE_PARAMETER INSTANCE_RECEIVER name:<this> type:com.aicfo.feature.transactions.ComposableSingletons$TransactionsScreenKt.<clinit>.<no name provided>
            CONSTRUCTOR GENERATED_MEMBER_IN_CALLABLE_REFERENCE visibility:public/*package*/ <> () returnType:com.aicfo.feature.transactions.ComposableSingletons$TransactionsScreenKt.<clinit>.<no name provided> [primary]
              BLOCK_BODY
                DELEGATING_CONSTRUCTOR_CALL 'public constructor <init> () [primary] declared in kotlin.Any'
                BLOCK type=kotlin.Unit origin=null
            FUN name:invoke visibility:public modality:FINAL <> ($this:com.aicfo.feature.transactions.ComposableSingletons$TransactionsScreenKt.<clinit>.<no name provided>, $this$composable:androidx.compose.animation.AnimatedContentScope, it:androidx.navigation.NavBackStackEntry, $composer:androidx.compose.runtime.Composer?, $changed:kotlin.Int) returnType:kotlin.Unit
              annotations:
                Composable
                ComposableTarget(applier = "androidx.compose.ui.UiComposable")
              overridden:
                public abstract fun invoke (p1: P1 of kotlin.Function4, p2: P2 of kotlin.Function4, p3: P3 of kotlin.Function4, p4: P4 of kotlin.Function4): R of kotlin.Function4 [operator] declared in kotlin.Function4
              $this: VALUE_PARAMETER INSTANCE_RECEIVER name:<this> type:com.aicfo.feature.transactions.ComposableSingletons$TransactionsScreenKt.<clinit>.<no name provided>
              VALUE_PARAMETER name:$this$composable index:0 type:androidx.compose.animation.AnimatedContentScope
              VALUE_PARAMETER name:it index:1 type:androidx.navigation.NavBackStackEntry
              VALUE_PARAMETER name:$composer index:2 type:androidx.compose.runtime.Composer? [assignable]
              VALUE_PARAMETER name:$changed index:3 type:kotlin.Int
              BLOCK_BODY
                CALL 'public final fun sourceInformation (composer: androidx.compose.runtime.Composer, sourceInformation: kotlin.String): kotlin.Unit declared in androidx.compose.runtime.ComposerKt' type=kotlin.Unit origin=null
                  composer: GET_FIELD 'FIELD FIELD_FOR_CAPTURED_VALUE name:$$composer type:androidx.compose.runtime.Composer? visibility:public/*package*/ [final] declared in com.aicfo.feature.transactions.TransactionsScreenKt.transactionsScreen.<no name provided>' type=androidx.compose.runtime.Composer? origin=null
                    receiver: GET_VAR '<this>: com.aicfo.feature.transactions.TransactionsScreenKt.transactionsScreen.<no name provided> declared in com.aicfo.feature.transactions.TransactionsScreenKt.transactionsScreen.<no name provided>.invoke' type=com.aicfo.feature.transactions.TransactionsScreenKt.transactionsScreen.<no name provided> origin=null
                  sourceInformation: CONST String type=kotlin.String value="C48@2166L20:TransactionsScreen.kt#xcgybg"
                COMPOSITE type=kotlin.Unit origin=null
                  WHEN type=kotlin.Unit origin=IF
                    BRANCH
                      if: CALL 'public final fun isTraceInProgress (): kotlin.Boolean declared in androidx.compose.runtime.ComposerKt' type=kotlin.Boolean origin=null
                      then: CALL 'public final fun traceEventStart (key: kotlin.Int, dirty1: kotlin.Int, dirty2: kotlin.Int, info: kotlin.String): kotlin.Unit declared in androidx.compose.runtime.ComposerKt' type=kotlin.Unit origin=null
                        key: CONST Int type=kotlin.Int value=1291895275
                        dirty1: GET_FIELD 'FIELD FIELD_FOR_CAPTURED_VALUE name:$$changed type:kotlin.Int visibility:public/*package*/ [final] declared in com.aicfo.feature.transactions.TransactionsScreenKt.transactionsScreen.<no name provided>' type=kotlin.Int origin=null
                          receiver: GET_VAR '<this>: com.aicfo.feature.transactions.TransactionsScreenKt.transactionsScreen.<no name provided> declared in com.aicfo.feature.transactions.TransactionsScreenKt.transactionsScreen.<no name provided>.invoke' type=com.aicfo.feature.transactions.TransactionsScreenKt.transactionsScreen.<no name provided> origin=null
                        dirty2: CONST Int type=kotlin.Int value=-1
                        info: CONST String type=kotlin.String value="com.aicfo.feature.transactions.ComposableSingletons$TransactionsScreenKt.lambda$1291895275.<anonymous> (TransactionsScreen.kt:48)"
                  CALL 'public final fun sourceInformation (composer: androidx.compose.runtime.Composer, sourceInformation: kotlin.String): kotlin.Unit declared in androidx.compose.runtime.ComposerKt' type=kotlin.Unit origin=null
                    composer: GET_FIELD 'FIELD FIELD_FOR_CAPTURED_VALUE name:$$composer type:androidx.compose.runtime.Composer? visibility:public/*package*/ [final] declared in com.aicfo.feature.transactions.TransactionsScreenKt.transactionsScreen.<no name provided>' type=androidx.compose.runtime.Composer? origin=null
                      receiver: GET_VAR '<this>: com.aicfo.feature.transactions.TransactionsScreenKt.transactionsScreen.<no name provided> declared in com.aicfo.feature.transactions.TransactionsScreenKt.transactionsScreen.<no name provided>.invoke' type=com.aicfo.feature.transactions.TransactionsScreenKt.transactionsScreen.<no name provided> origin=null
                    sourceInformation: CONST String type=kotlin.String value="C48@2166L20:TransactionsScreen.kt#xcgybg"
                  COMPOSITE type=kotlin.Unit origin=null
                    WHEN type=kotlin.Unit origin=IF
                      BRANCH
                        if: CALL 'public final fun isTraceInProgress (): kotlin.Boolean declared in androidx.compose.runtime.ComposerKt' type=kotlin.Boolean origin=null
                        then: CALL 'public final fun traceEventStart (key: kotlin.Int, dirty1: kotlin.Int, dirty2: kotlin.Int, info: kotlin.String): kotlin.Unit declared in androidx.compose.runtime.ComposerKt' type=kotlin.Unit origin=null
                          key: CONST Int type=kotlin.Int value=1291895275
                          dirty1: GET_FIELD 'FIELD FIELD_FOR_CAPTURED_VALUE name:$$changed type:kotlin.Int visibility:public/*package*/ [final] declared in com.aicfo.feature.transactions.TransactionsScreenKt.transactionsScreen.<no name provided>' type=kotlin.Int origin=null
                            receiver: GET_VAR '<this>: com.aicfo.feature.transactions.TransactionsScreenKt.transactionsScreen.<no name provided> declared in com.aicfo.feature.transactions.TransactionsScreenKt.transactionsScreen.<no name provided>.invoke' type=com.aicfo.feature.transactions.TransactionsScreenKt.transactionsScreen.<no name provided> origin=null
                          dirty2: CONST Int type=kotlin.Int value=-1
                          info: CONST String type=kotlin.String value="com.aicfo.feature.transactions.ComposableSingletons$TransactionsScreenKt.lambda$1291895275.<anonymous> (TransactionsScreen.kt:48)"
                    CALL 'public final fun TransactionsScreen (modifier: androidx.compose.ui.Modifier?, $composer: androidx.compose.runtime.Composer?, $changed: kotlin.Int, $default: kotlin.Int): kotlin.Unit declared in com.aicfo.feature.transactions.TransactionsScreenKt' type=kotlin.Unit origin=null
                      modifier: COMPOSITE type=kotlin.Nothing? origin=DEFAULT_VALUE
                        CONST Null type=kotlin.Nothing? value=null
                      $composer: GET_FIELD 'FIELD FIELD_FOR_CAPTURED_VALUE name:$$composer type:androidx.compose.runtime.Composer? visibility:public/*package*/ [final] declared in com.aicfo.feature.transactions.TransactionsScreenKt.transactionsScreen.<no name provided>' type=androidx.compose.runtime.Composer? origin=null
                        receiver: GET_VAR '<this>: com.aicfo.feature.transactions.TransactionsScreenKt.transactionsScreen.<no name provided> declared in com.aicfo.feature.transactions.TransactionsScreenKt.transactionsScreen.<no name provided>.invoke' type=com.aicfo.feature.transactions.TransactionsScreenKt.transactionsScreen.<no name provided> origin=null
                      $changed: CONST Int type=kotlin.Int value=0
                      $default: CONST Int type=kotlin.Int value=1
                    WHEN type=kotlin.Unit origin=IF
                      BRANCH
                        if: CALL 'public final fun isTraceInProgress (): kotlin.Boolean declared in androidx.compose.runtime.ComposerKt' type=kotlin.Boolean origin=null
                        then: CALL 'public final fun traceEventEnd (): kotlin.Unit declared in androidx.compose.runtime.ComposerKt' type=kotlin.Unit origin=null
                  WHEN type=kotlin.Unit origin=IF
                    BRANCH
                      if: CALL 'public final fun isTraceInProgress (): kotlin.Boolean declared in androidx.compose.runtime.ComposerKt' type=kotlin.Boolean origin=null
                      then: CALL 'public final fun traceEventEnd (): kotlin.Unit declared in androidx.compose.runtime.ComposerKt' type=kotlin.Unit origin=null
            FIELD FIELD_FOR_OBJECT_INSTANCE name:INSTANCE type:com.aicfo.feature.transactions.ComposableSingletons$TransactionsScreenKt.<clinit>.<no name provided> visibility:public [final,static]
            FUN CLASS_STATIC_INITIALIZER name:<clinit> visibility:public/*package*/ modality:FINAL <> () returnType:kotlin.Unit
              BLOCK_BODY
                SET_FIELD 'FIELD FIELD_FOR_OBJECT_INSTANCE name:INSTANCE type:com.aicfo.feature.transactions.ComposableSingletons$TransactionsScreenKt.<clinit>.<no name provided> visibility:public [final,static] declared in com.aicfo.feature.transactions.ComposableSingletons$TransactionsScreenKt.<clinit>.<no name provided>' type=kotlin.Unit origin=INITIALIZE_FIELD
                  value: CONSTRUCTOR_CALL 'public/*package*/ constructor <init> () [primary] declared in com.aicfo.feature.transactions.ComposableSingletons$TransactionsScreenKt.<clinit>.<no name provided>' type=com.aicfo.feature.transactions.ComposableSingletons$TransactionsScreenKt.<clinit>.<no name provided> origin=null
            FUN BRIDGE name:invoke visibility:public modality:OPEN <> ($this:com.aicfo.feature.transactions.ComposableSingletons$TransactionsScreenKt.<clinit>.<no name provided>, p1:kotlin.Any?, p2:kotlin.Any?, p3:kotlin.Any?, p4:kotlin.Any?) returnType:kotlin.Any?
              $this: VALUE_PARAMETER INSTANCE_RECEIVER name:<this> type:com.aicfo.feature.transactions.ComposableSingletons$TransactionsScreenKt.<clinit>.<no name provided>
              VALUE_PARAMETER BRIDGE name:p1 index:0 type:kotlin.Any?
              VALUE_PARAMETER BRIDGE name:p2 index:1 type:kotlin.Any?
              VALUE_PARAMETER BRIDGE name:p3 index:2 type:kotlin.Any?
              VALUE_PARAMETER BRIDGE name:p4 index:3 type:kotlin.Any?
              EXPRESSION_BODY
                RETURN type=kotlin.Nothing from='public open fun invoke (p1: kotlin.Any?, p2: kotlin.Any?, p3: kotlin.Any?, p4: kotlin.Any?): kotlin.Any? declared in com.aicfo.feature.transactions.ComposableSingletons$TransactionsScreenKt.<clinit>.<no name provided>'
                  CALL 'public final fun invoke ($this$composable: androidx.compose.animation.AnimatedContentScope, it: androidx.navigation.NavBackStackEntry, $composer: androidx.compose.runtime.Composer?, $changed: kotlin.Int): kotlin.Unit declared in com.aicfo.feature.transactions.ComposableSingletons$TransactionsScreenKt.<clinit>.<no name provided>' type=kotlin.Unit origin=BRIDGE_DELEGATION
                    $this: GET_VAR '<this>: com.aicfo.feature.transactions.ComposableSingletons$TransactionsScreenKt.<clinit>.<no name provided> declared in com.aicfo.feature.transactions.ComposableSingletons$TransactionsScreenKt.<clinit>.<no name provided>.invoke' type=com.aicfo.feature.transactions.ComposableSingletons$TransactionsScreenKt.<clinit>.<no name provided> origin=null
                    $this$composable: TYPE_OP type=androidx.compose.animation.AnimatedContentScope origin=IMPLICIT_CAST typeOperand=androidx.compose.animation.AnimatedContentScope
                      GET_VAR 'p1: kotlin.Any? declared in com.aicfo.feature.transactions.ComposableSingletons$TransactionsScreenKt.<clinit>.<no name provided>.invoke' type=kotlin.Any? origin=null
                    it: TYPE_OP type=androidx.navigation.NavBackStackEntry origin=IMPLICIT_CAST typeOperand=androidx.navigation.NavBackStackEntry
                      GET_VAR 'p2: kotlin.Any? declared in com.aicfo.feature.transactions.ComposableSingletons$TransactionsScreenKt.<clinit>.<no name provided>.invoke' type=kotlin.Any? origin=null
                    $composer: TYPE_OP type=androidx.compose.runtime.Composer origin=IMPLICIT_CAST typeOperand=androidx.compose.runtime.Composer
                      GET_VAR 'p3: kotlin.Any? declared in com.aicfo.feature.transactions.ComposableSingletons$TransactionsScreenKt.<clinit>.<no name provided>.invoke' type=kotlin.Any? origin=null
                    $changed: TYPE_OP type=kotlin.Int origin=IMPLICIT_CAST typeOperand=kotlin.Int
                      GET_VAR 'p4: kotlin.Any? declared in com.aicfo.feature.transactions.ComposableSingletons$TransactionsScreenKt.<clinit>.<no name provided>.invoke' type=kotlin.Any? origin=null
          GET_FIELD 'FIELD FIELD_FOR_OBJECT_INSTANCE name:INSTANCE type:com.aicfo.feature.transactions.ComposableSingletons$TransactionsScreenKt.<clinit>.<no name provided> visibility:public [final,static] declared in com.aicfo.feature.transactions.ComposableSingletons$TransactionsScreenKt.<clinit>.<no name provided>' type=com.aicfo.feature.transactions.ComposableSingletons$TransactionsScreenKt.<clinit>.<no name provided> origin=null

	at org.jetbrains.kotlin.backend.jvm.codegen.FunctionCodegen.generate(FunctionCodegen.kt:48)
	at org.jetbrains.kotlin.backend.jvm.codegen.FunctionCodegen.generate$default(FunctionCodegen.kt:41)
	at org.jetbrains.kotlin.backend.jvm.codegen.ClassCodegen.generateMethodNode(ClassCodegen.kt:405)
	at org.jetbrains.kotlin.backend.jvm.codegen.ClassCodegen.generateMethod(ClassCodegen.kt:422)
	at org.jetbrains.kotlin.backend.jvm.codegen.ClassCodegen.generate(ClassCodegen.kt:171)
	at org.jetbrains.kotlin.backend.jvm.JvmIrCodegenFactory.generateFile$lambda$18(JvmIrCodegenFactory.kt:398)
	at org.jetbrains.kotlin.backend.common.phaser.PhaseBuildersKt$createSimpleNamedCompilerPhase$1.phaseBody(PhaseBuilders.kt:68)
	at org.jetbrains.kotlin.config.phaser.SimpleNamedCompilerPhase.phaseBody(CompilerPhase.kt:215)
	at org.jetbrains.kotlin.config.phaser.NamedCompilerPhase.invoke(CompilerPhase.kt:111)
	at org.jetbrains.kotlin.backend.common.phaser.PerformByIrFilePhase.invokeSequential(performByIrFile.kt:51)
	... 44 more
Caused by: java.lang.RuntimeException: Exception while generating code for:
FUN name:invoke visibility:public modality:FINAL <> ($this:com.aicfo.feature.transactions.ComposableSingletons$TransactionsScreenKt.<clinit>.<no name provided>, $this$composable:androidx.compose.animation.AnimatedContentScope, it:androidx.navigation.NavBackStackEntry, $composer:androidx.compose.runtime.Composer?, $changed:kotlin.Int) returnType:kotlin.Unit
  annotations:
    Composable
    ComposableTarget(applier = "androidx.compose.ui.UiComposable")
  overridden:
    public abstract fun invoke (p1: P1 of kotlin.Function4, p2: P2 of kotlin.Function4, p3: P3 of kotlin.Function4, p4: P4 of kotlin.Function4): R of kotlin.Function4 [operator] declared in kotlin.Function4
  $this: VALUE_PARAMETER INSTANCE_RECEIVER name:<this> type:com.aicfo.feature.transactions.ComposableSingletons$TransactionsScreenKt.<clinit>.<no name provided>
  VALUE_PARAMETER name:$this$composable index:0 type:androidx.compose.animation.AnimatedContentScope
  VALUE_PARAMETER name:it index:1 type:androidx.navigation.NavBackStackEntry
  VALUE_PARAMETER name:$composer index:2 type:androidx.compose.runtime.Composer? [assignable]
  VALUE_PARAMETER name:$changed index:3 type:kotlin.Int
  BLOCK_BODY
    CALL 'public final fun sourceInformation (composer: androidx.compose.runtime.Composer, sourceInformation: kotlin.String): kotlin.Unit declared in androidx.compose.runtime.ComposerKt' type=kotlin.Unit origin=null
      composer: GET_FIELD 'FIELD FIELD_FOR_CAPTURED_VALUE name:$$composer type:androidx.compose.runtime.Composer? visibility:public/*package*/ [final] declared in com.aicfo.feature.transactions.TransactionsScreenKt.transactionsScreen.<no name provided>' type=androidx.compose.runtime.Composer? origin=null
        receiver: GET_VAR '<this>: com.aicfo.feature.transactions.TransactionsScreenKt.transactionsScreen.<no name provided> declared in com.aicfo.feature.transactions.TransactionsScreenKt.transactionsScreen.<no name provided>.invoke' type=com.aicfo.feature.transactions.TransactionsScreenKt.transactionsScreen.<no name provided> origin=null
      sourceInformation: CONST String type=kotlin.String value="C48@2166L20:TransactionsScreen.kt#xcgybg"
    COMPOSITE type=kotlin.Unit origin=null
      WHEN type=kotlin.Unit origin=IF
        BRANCH
          if: CALL 'public final fun isTraceInProgress (): kotlin.Boolean declared in androidx.compose.runtime.ComposerKt' type=kotlin.Boolean origin=null
          then: CALL 'public final fun traceEventStart (key: kotlin.Int, dirty1: kotlin.Int, dirty2: kotlin.Int, info: kotlin.String): kotlin.Unit declared in androidx.compose.runtime.ComposerKt' type=kotlin.Unit origin=null
            key: CONST Int type=kotlin.Int value=1291895275
            dirty1: GET_FIELD 'FIELD FIELD_FOR_CAPTURED_VALUE name:$$changed type:kotlin.Int visibility:public/*package*/ [final] declared in com.aicfo.feature.transactions.TransactionsScreenKt.transactionsScreen.<no name provided>' type=kotlin.Int origin=null
              receiver: GET_VAR '<this>: com.aicfo.feature.transactions.TransactionsScreenKt.transactionsScreen.<no name provided> declared in com.aicfo.feature.transactions.TransactionsScreenKt.transactionsScreen.<no name provided>.invoke' type=com.aicfo.feature.transactions.TransactionsScreenKt.transactionsScreen.<no name provided> origin=null
            dirty2: CONST Int type=kotlin.Int value=-1
            info: CONST String type=kotlin.String value="com.aicfo.feature.transactions.ComposableSingletons$TransactionsScreenKt.lambda$1291895275.<anonymous> (TransactionsScreen.kt:48)"
      CALL 'public final fun sourceInformation (composer: androidx.compose.runtime.Composer, sourceInformation: kotlin.String): kotlin.Unit declared in androidx.compose.runtime.ComposerKt' type=kotlin.Unit origin=null
        composer: GET_FIELD 'FIELD FIELD_FOR_CAPTURED_VALUE name:$$composer type:androidx.compose.runtime.Composer? visibility:public/*package*/ [final] declared in com.aicfo.feature.transactions.TransactionsScreenKt.transactionsScreen.<no name provided>' type=androidx.compose.runtime.Composer? origin=null
          receiver: GET_VAR '<this>: com.aicfo.feature.transactions.TransactionsScreenKt.transactionsScreen.<no name provided> declared in com.aicfo.feature.transactions.TransactionsScreenKt.transactionsScreen.<no name provided>.invoke' type=com.aicfo.feature.transactions.TransactionsScreenKt.transactionsScreen.<no name provided> origin=null
        sourceInformation: CONST String type=kotlin.String value="C48@2166L20:TransactionsScreen.kt#xcgybg"
      COMPOSITE type=kotlin.Unit origin=null
        WHEN type=kotlin.Unit origin=IF
          BRANCH
            if: CALL 'public final fun isTraceInProgress (): kotlin.Boolean declared in androidx.compose.runtime.ComposerKt' type=kotlin.Boolean origin=null
            then: CALL 'public final fun traceEventStart (key: kotlin.Int, dirty1: kotlin.Int, dirty2: kotlin.Int, info: kotlin.String): kotlin.Unit declared in androidx.compose.runtime.ComposerKt' type=kotlin.Unit origin=null
              key: CONST Int type=kotlin.Int value=1291895275
              dirty1: GET_FIELD 'FIELD FIELD_FOR_CAPTURED_VALUE name:$$changed type:kotlin.Int visibility:public/*package*/ [final] declared in com.aicfo.feature.transactions.TransactionsScreenKt.transactionsScreen.<no name provided>' type=kotlin.Int origin=null
                receiver: GET_VAR '<this>: com.aicfo.feature.transactions.TransactionsScreenKt.transactionsScreen.<no name provided> declared in com.aicfo.feature.transactions.TransactionsScreenKt.transactionsScreen.<no name provided>.invoke' type=com.aicfo.feature.transactions.TransactionsScreenKt.transactionsScreen.<no name provided> origin=null
              dirty2: CONST Int type=kotlin.Int value=-1
              info: CONST String type=kotlin.String value="com.aicfo.feature.transactions.ComposableSingletons$TransactionsScreenKt.lambda$1291895275.<anonymous> (TransactionsScreen.kt:48)"
        CALL 'public final fun TransactionsScreen (modifier: androidx.compose.ui.Modifier?, $composer: androidx.compose.runtime.Composer?, $changed: kotlin.Int, $default: kotlin.Int): kotlin.Unit declared in com.aicfo.feature.transactions.TransactionsScreenKt' type=kotlin.Unit origin=null
          modifier: COMPOSITE type=kotlin.Nothing? origin=DEFAULT_VALUE
            CONST Null type=kotlin.Nothing? value=null
          $composer: GET_FIELD 'FIELD FIELD_FOR_CAPTURED_VALUE name:$$composer type:androidx.compose.runtime.Composer? visibility:public/*package*/ [final] declared in com.aicfo.feature.transactions.TransactionsScreenKt.transactionsScreen.<no name provided>' type=androidx.compose.runtime.Composer? origin=null
            receiver: GET_VAR '<this>: com.aicfo.feature.transactions.TransactionsScreenKt.transactionsScreen.<no name provided> declared in com.aicfo.feature.transactions.TransactionsScreenKt.transactionsScreen.<no name provided>.invoke' type=com.aicfo.feature.transactions.TransactionsScreenKt.transactionsScreen.<no name provided> origin=null
          $changed: CONST Int type=kotlin.Int value=0
          $default: CONST Int type=kotlin.Int value=1
        WHEN type=kotlin.Unit origin=IF
          BRANCH
            if: CALL 'public final fun isTraceInProgress (): kotlin.Boolean declared in androidx.compose.runtime.ComposerKt' type=kotlin.Boolean origin=null
            then: CALL 'public final fun traceEventEnd (): kotlin.Unit declared in androidx.compose.runtime.ComposerKt' type=kotlin.Unit origin=null
      WHEN type=kotlin.Unit origin=IF
        BRANCH
          if: CALL 'public final fun isTraceInProgress (): kotlin.Boolean declared in androidx.compose.runtime.ComposerKt' type=kotlin.Boolean origin=null
          then: CALL 'public final fun traceEventEnd (): kotlin.Unit declared in androidx.compose.runtime.ComposerKt' type=kotlin.Unit origin=null

	at org.jetbrains.kotlin.backend.jvm.codegen.FunctionCodegen.generate(FunctionCodegen.kt:48)
	at org.jetbrains.kotlin.backend.jvm.codegen.FunctionCodegen.generate$default(FunctionCodegen.kt:41)
	at org.jetbrains.kotlin.backend.jvm.codegen.ClassCodegen.generateMethodNode(ClassCodegen.kt:405)
	at org.jetbrains.kotlin.backend.jvm.codegen.ClassCodegen.generateMethod(ClassCodegen.kt:422)
	at org.jetbrains.kotlin.backend.jvm.codegen.ClassCodegen.generate(ClassCodegen.kt:167)
	at org.jetbrains.kotlin.backend.jvm.codegen.ExpressionCodegen.visitClass(ExpressionCodegen.kt:955)
	at org.jetbrains.kotlin.backend.jvm.codegen.ExpressionCodegen.visitClass(ExpressionCodegen.kt:135)
	at org.jetbrains.kotlin.ir.declarations.IrClass.accept(IrClass.kt:72)
	at org.jetbrains.kotlin.backend.jvm.codegen.ExpressionCodegen.visitStatementContainer(ExpressionCodegen.kt:520)
	at org.jetbrains.kotlin.backend.jvm.codegen.ExpressionCodegen.visitContainerExpression(ExpressionCodegen.kt:534)
	at org.jetbrains.kotlin.backend.jvm.codegen.ExpressionCodegen.visitContainerExpression(ExpressionCodegen.kt:135)
	at org.jetbrains.kotlin.ir.visitors.IrElementVisitor$DefaultImpls.visitBlock(IrElementVisitor.kt:136)
	at org.jetbrains.kotlin.backend.jvm.codegen.ExpressionCodegen.visitBlock(ExpressionCodegen.kt:406)
	at org.jetbrains.kotlin.backend.jvm.codegen.ExpressionCodegen.visitBlock(ExpressionCodegen.kt:135)
	at org.jetbrains.kotlin.ir.expressions.IrBlock.accept(IrBlock.kt:18)
	at org.jetbrains.kotlin.backend.jvm.codegen.ExpressionCodegen.gen(ExpressionCodegen.kt:214)
	at org.jetbrains.kotlin.backend.jvm.codegen.IrCallGenerator.genValueAndPut(IrCallGenerator.kt:48)
	at org.jetbrains.kotlin.backend.jvm.codegen.ExpressionCodegen.visitCall$handleParameter(ExpressionCodegen.kt:557)
	at org.jetbrains.kotlin.backend.jvm.codegen.ExpressionCodegen.visitCall(ExpressionCodegen.kt:585)
	at org.jetbrains.kotlin.backend.jvm.codegen.ExpressionCodegen.visitCall(ExpressionCodegen.kt:135)
	at org.jetbrains.kotlin.ir.expressions.IrCall.accept(IrCall.kt:24)
	at org.jetbrains.kotlin.backend.jvm.codegen.ExpressionCodegen.visitFieldAccess(ExpressionCodegen.kt:833)
	at org.jetbrains.kotlin.backend.jvm.codegen.ExpressionCodegen.visitFieldAccess(ExpressionCodegen.kt:135)
	at org.jetbrains.kotlin.ir.visitors.IrElementVisitor$DefaultImpls.visitSetField(IrElementVisitor.kt:226)
	at org.jetbrains.kotlin.backend.jvm.codegen.ExpressionCodegen.visitSetField(ExpressionCodegen.kt:863)
	at org.jetbrains.kotlin.backend.jvm.codegen.ExpressionCodegen.visitSetField(ExpressionCodegen.kt:135)
	at org.jetbrains.kotlin.ir.expressions.IrSetField.accept(IrSetField.kt:21)
	at org.jetbrains.kotlin.backend.jvm.codegen.ExpressionCodegen.visitStatementContainer(ExpressionCodegen.kt:520)
	at org.jetbrains.kotlin.backend.jvm.codegen.ExpressionCodegen.visitBlockBody(ExpressionCodegen.kt:525)
	at org.jetbrains.kotlin.backend.jvm.codegen.ExpressionCodegen.visitBlockBody(ExpressionCodegen.kt:135)
	at org.jetbrains.kotlin.ir.expressions.IrBlockBody.accept(IrBlockBody.kt:20)
	at org.jetbrains.kotlin.backend.jvm.codegen.ExpressionCodegen.generate(ExpressionCodegen.kt:237)
	at org.jetbrains.kotlin.backend.jvm.codegen.FunctionCodegen.doGenerate(FunctionCodegen.kt:124)
	at org.jetbrains.kotlin.backend.jvm.codegen.FunctionCodegen.generate(FunctionCodegen.kt:45)
	... 53 more
Caused by: java.lang.IllegalStateException: No mapping for symbol: VALUE_PARAMETER INSTANCE_RECEIVER name:<this> type:com.aicfo.feature.transactions.TransactionsScreenKt.transactionsScreen.<no name provided>
	at org.jetbrains.kotlin.backend.jvm.codegen.IrFrameMap.typeOf(irCodegenUtils.kt:57)
	at org.jetbrains.kotlin.backend.jvm.codegen.ExpressionCodegen.visitGetValue(ExpressionCodegen.kt:755)
	at org.jetbrains.kotlin.backend.jvm.codegen.ExpressionCodegen.visitGetValue(ExpressionCodegen.kt:135)
	at org.jetbrains.kotlin.ir.expressions.IrGetValue.accept(IrGetValue.kt:18)
	at org.jetbrains.kotlin.backend.jvm.codegen.ExpressionCodegen.visitFieldAccess(ExpressionCodegen.kt:823)
	at org.jetbrains.kotlin.backend.jvm.codegen.ExpressionCodegen.visitFieldAccess(ExpressionCodegen.kt:135)
	at org.jetbrains.kotlin.ir.visitors.IrElementVisitor$DefaultImpls.visitGetField(IrElementVisitor.kt:223)
	at org.jetbrains.kotlin.backend.jvm.codegen.ExpressionCodegen.visitGetField(ExpressionCodegen.kt:135)
	at org.jetbrains.kotlin.backend.jvm.codegen.ExpressionCodegen.visitGetField(ExpressionCodegen.kt:135)
	at org.jetbrains.kotlin.ir.expressions.IrGetField.accept(IrGetField.kt:19)
	at org.jetbrains.kotlin.backend.jvm.codegen.ExpressionCodegen.gen(ExpressionCodegen.kt:214)
	at org.jetbrains.kotlin.backend.jvm.codegen.IrCallGenerator.genValueAndPut(IrCallGenerator.kt:48)
	at org.jetbrains.kotlin.backend.jvm.codegen.ExpressionCodegen.visitCall$handleParameter(ExpressionCodegen.kt:557)
	at org.jetbrains.kotlin.backend.jvm.codegen.ExpressionCodegen.visitCall(ExpressionCodegen.kt:585)
	at org.jetbrains.kotlin.backend.jvm.codegen.ExpressionCodegen.visitCall(ExpressionCodegen.kt:135)
	at org.jetbrains.kotlin.ir.expressions.IrCall.accept(IrCall.kt:24)
	at org.jetbrains.kotlin.backend.jvm.codegen.ExpressionCodegen.visitStatementContainer(ExpressionCodegen.kt:520)
	at org.jetbrains.kotlin.backend.jvm.codegen.ExpressionCodegen.visitBlockBody(ExpressionCodegen.kt:525)
	at org.jetbrains.kotlin.backend.jvm.codegen.ExpressionCodegen.visitBlockBody(ExpressionCodegen.kt:135)
	at org.jetbrains.kotlin.ir.expressions.IrBlockBody.accept(IrBlockBody.kt:20)
	at org.jetbrains.kotlin.backend.jvm.codegen.ExpressionCodegen.generate(ExpressionCodegen.kt:237)
	at org.jetbrains.kotlin.backend.jvm.codegen.FunctionCodegen.doGenerate(FunctionCodegen.kt:124)
	at org.jetbrains.kotlin.backend.jvm.codegen.FunctionCodegen.generate(FunctionCodegen.kt:45)
	... 86 more


